LTC68042.c:35:6:ltc6804_GPIO_Config	40	static
LTC68042.c:63:6:ltc6804_SPIInit	8	static
LTC68042.c:90:6:ltc6804_Delay	16	static
LTC68042.c:95:6:ltc6804_Write8	24	static
LTC68042.c:117:6:ltc6804_Write16	24	static
LTC68042.c:139:6:ltc6804_Write32	24	static
LTC68042.c:161:9:ltc6804_Read8	16	static
LTC68042.c:184:10:ltc6804_Read16	16	static
LTC68042.c:207:10:ltc6804_Read32	16	static
LTC68042.c:247:6:set_adc	24	static
LTC68042.c:280:6:LTC6804_adcv	16	static
LTC68042.c:325:6:LTC6804_adax	16	static
LTC68042.c:363:6:LTC6804_adstat	24	static
LTC68042.c:435:9:LTC6804_rdcv	40	static
LTC68042.c:549:6:LTC6804_rdcv_reg	32	static
LTC68042.c:637:8:LTC6804_rdaux	56	static
LTC68042.c:748:6:LTC6804_rdaux_reg	32	static
LTC68042.c:806:6:LTC6804_clrcell	16	static
LTC68042.c:845:6:LTC6804_clraux	16	static
LTC68042.c:896:6:LTC6804_wrcfg	40	static
LTC68042.c:976:8:LTC6804_rdcfg	40	static
LTC68042.c:1058:8:LTC6804_rdstata	40	static
LTC68042.c:1123:6:wakeup_idle	8	static
LTC68042.c:1135:6:wakeup_sleep	8	static
LTC68042.c:1152:10:pec15_calc	24	static
LTC68042.c:1173:6:spi_write_array	24	static
LTC68042.c:1192:6:spi_write_read	40	static
LTC68042.c:1211:6:read_voltage_percell	48	static
LTC68042.c:1229:6:read_sumvoltage	8	static
LTC68042.c:1242:10:get_balance_status	40	static
LTC68042.c:1269:6:LTC681x_balance_cell	24	static
