LTC68042.c:36:6:ltc6804_GPIO_Config	40	static
LTC68042.c:64:6:ltc6804_SPIInit	8	static
LTC68042.c:91:6:ltc6804_Delay	16	static
LTC68042.c:96:6:ltc6804_Write8	24	static
LTC68042.c:118:6:ltc6804_Write16	24	static
LTC68042.c:140:6:ltc6804_Write32	24	static
LTC68042.c:162:9:ltc6804_Read8	16	static
LTC68042.c:185:10:ltc6804_Read16	16	static
LTC68042.c:208:10:ltc6804_Read32	16	static
LTC68042.c:248:6:set_adc	24	static
LTC68042.c:281:6:LTC6804_adcv	16	static
LTC68042.c:326:6:LTC6804_adax	16	static
LTC68042.c:364:6:LTC6804_adstat	24	static
LTC68042.c:436:9:LTC6804_rdcv	40	static
LTC68042.c:550:6:LTC6804_rdcv_reg	32	static
LTC68042.c:638:8:LTC6804_rdaux	56	static
LTC68042.c:745:6:LTC6804_rdaux_reg	32	static
LTC68042.c:803:6:LTC6804_clrcell	16	static
LTC68042.c:842:6:LTC6804_clraux	16	static
LTC68042.c:893:6:LTC6804_wrcfg	40	static
LTC68042.c:973:8:LTC6804_rdcfg	40	static
LTC68042.c:1055:8:LTC6804_rdstata	40	static
LTC68042.c:1120:6:wakeup_idle	8	static
LTC68042.c:1132:6:wakeup_sleep	8	static
LTC68042.c:1149:10:pec15_calc	24	static
LTC68042.c:1170:6:spi_write_array	24	static
LTC68042.c:1189:6:spi_write_read	40	static
LTC68042.c:1208:6:read_voltage_percell	48	static
LTC68042.c:1225:6:read_aux_adc	8	static
LTC68042.c:1233:6:read_sumvoltage	16	static
LTC68042.c:1245:10:get_balance_status	40	static
LTC68042.c:1273:6:LTC681x_balance_cell	24	static
