stm32f1xx_it.c:132:6:NMI_Handler	4	static
stm32f1xx_it.c:147:6:HardFault_Handler	4	static
stm32f1xx_it.c:162:6:MemManage_Handler	4	static
stm32f1xx_it.c:177:6:BusFault_Handler	4	static
stm32f1xx_it.c:192:6:UsageFault_Handler	4	static
stm32f1xx_it.c:207:6:SVC_Handler	4	static
stm32f1xx_it.c:220:6:DebugMon_Handler	4	static
stm32f1xx_it.c:233:6:PendSV_Handler	4	static
stm32f1xx_it.c:246:6:SysTick_Handler	8	static
stm32f1xx_it.c:267:6:DMA1_Channel1_IRQHandler	8	static
stm32f1xx_it.c:281:6:USB_LP_CAN1_RX0_IRQHandler	8	static
stm32f1xx_it.c:295:6:TIM2_IRQHandler	16	static
stm32f1xx_it.c:419:6:TIM3_IRQHandler	8	static
stm32f1xx_it.c:444:6:Batt_Protection_when_discharge	24	static
stm32f1xx_it.c:620:6:Batt_Protection_when_charge	16	static
stm32f1xx_it.c:761:6:Batt_Protection_when_chargedischarge	16	static
